============================= test session starts =============================
platform win32 -- Python 3.13.7, pytest-9.0.3, pluggy-1.6.0 -- C:\Users\prath\AppData\Local\Programs\Python\Python313\python.exe
cachedir: .pytest_cache
rootdir: C:\Users\prath\Desktop\Pivot\pivot
plugins: anyio-4.11.0
collecting ... collected 27 items

tests/core/test_verification_daemon.py::TestIdentityCheck::test_identity_check_perfect_match_returns_1_0 [Verification Daemon] Testing identity check with perfect match (identical embeddings)
  Score: 1.000000
PASSED
tests/core/test_verification_daemon.py::TestIdentityCheck::test_identity_check_orthogonal_returns_near_zero [Verification Daemon] Testing identity check with orthogonal embeddings
  Score: 0.000000
PASSED
tests/core/test_verification_daemon.py::TestIdentityCheck::test_identity_check_high_similarity_passes_threshold [Verification Daemon] Testing identity check with high similarity (0.95)
  Score: 0.998614 (threshold: 0.9)
PASSED
tests/core/test_verification_daemon.py::TestIdentityCheck::test_identity_check_low_similarity_fails_threshold [Verification Daemon] Testing identity check with low similarity (0.80)
  Score: 0.000000 (threshold: 0.9)
PASSED
tests/core/test_verification_daemon.py::TestIdentityCheck::test_identity_check_with_unnormalized_embeddings [Verification Daemon] Testing identity check with unnormalized embeddings
  Score: 1.000000
PASSED
tests/core/test_verification_daemon.py::TestKinematicsCheck::test_kinematics_check_returns_valid_score [Verification Daemon] Testing kinematics check returns valid L_physics score
  L_physics: 0.000000
PASSED
tests/core/test_verification_daemon.py::TestKinematicsCheck::test_kinematics_check_with_bone_length_reference [Verification Daemon] Testing kinematics check with bone length invariance
  L_physics with bone constraints: 24961.685547
PASSED
tests/core/test_verification_daemon.py::TestKinematicsCheck::test_kinematics_check_passes_threshold_for_valid_pose [Verification Daemon] Testing kinematics check passes threshold for valid pose
  L_physics: 0.000000 (threshold: 0.01)
PASSED
tests/core/test_verification_daemon.py::TestFrameVerification::test_verify_frame_passes_with_high_identity_and_valid_kinematics [Verification Daemon] Testing frame verification passes with both checks passing
  Identity: 1.0000, L_physics: 0.000000
PASSED
tests/core/test_verification_daemon.py::TestFrameVerification::test_verify_frame_fails_with_low_identity [Verification Daemon] Testing frame verification fails with low identity score
  Identity: 0.0542
PASSED
tests/core/test_verification_daemon.py::TestFrameVerification::test_verify_frame_records_state_in_history [Verification Daemon] Testing frame verification records state in history
  History length: 1
PASSED
tests/core/test_verification_daemon.py::TestLatentRewind::test_rewind_latent_single_step [Verification Daemon] Testing latent rewind by 1 timestep
[Verification Daemon] Rewinding latent by 1 timestep(s)
  Latent shape: (4, 64, 64)
  Difference norm: 1.2774
PASSED
tests/core/test_verification_daemon.py::TestLatentRewind::test_rewind_latent_multiple_steps [Verification Daemon] Testing latent rewind by multiple timesteps
[Verification Daemon] Rewinding latent by 1 timestep(s)
[Verification Daemon] Rewinding latent by 2 timestep(s)
  1-step diff: 1.2894
  2-step diff: 2.5598
PASSED
tests/core/test_verification_daemon.py::TestLatentRewind::test_rewind_action_recorded_in_history [Verification Daemon] Testing rewind action is recorded in correction history
[Verification Daemon] Rewinding latent by 1 timestep(s)
  Correction history length: 1
PASSED
tests/core/test_verification_daemon.py::TestLocalizedMask::test_mask_generation_returns_binary_array [Verification Daemon] Testing mask generation returns binary array
[Verification Daemon] Generating localized inpainting mask from keypoints
  Mask shape: (512, 512)
  Non-zero pixels: 262144
PASSED
tests/core/test_verification_daemon.py::TestLocalizedMask::test_mask_respects_image_bounds [Verification Daemon] Testing mask respects image bounds
[Verification Daemon] Generating localized inpainting mask from keypoints
  Mask bounds valid: 0.00 to 1.00
PASSED
tests/core/test_verification_daemon.py::TestLocalizedMask::test_mask_handles_low_confidence_keypoints [Verification Daemon] Testing mask handling of low-confidence keypoints
[Verification Daemon] Generating localized inpainting mask from keypoints
  Correctly ignored low-confidence keypoints
PASSED
tests/core/test_verification_daemon.py::TestConstrainedRegeneration::test_regeneration_applies_weight_multiplier [Verification Daemon] Testing constrained regeneration applies weight multiplier
[Verification Daemon] Applying constrained regeneration with 1.5x weight on identity
  Weight multiplier: 1.5x
  Mean latent change: 0.1500
PASSED
tests/core/test_verification_daemon.py::TestConstrainedRegeneration::test_regeneration_records_constraint_type [Verification Daemon] Testing regeneration records constraint type in history
[Verification Daemon] Applying constrained regeneration with 1.5x weight on kinematics
  Constraint recorded: kinematics
PASSED
tests/core/test_verification_daemon.py::TestCorrectionLoop::test_correction_loop_succeeds_on_first_retry [Verification Daemon] Testing correction loop succeeds on first retry
[Verification Daemon] Entering correction loop for frame 0
[Verification Daemon] Correction attempt 1/5
[Verification Daemon] Rewinding latent by 1 timestep(s)
[Verification Daemon] Verification passed on attempt 1
  Passed: True
  Retries: 1
PASSED
tests/core/test_verification_daemon.py::TestCorrectionLoop::test_correction_loop_respects_max_retry_depth [Verification Daemon] Testing correction loop respects max retry depth limit
[Verification Daemon] Entering correction loop for frame 0
[Verification Daemon] Correction attempt 1/5
[Verification Daemon] Rewinding latent by 1 timestep(s)
[Verification Daemon] Generating localized inpainting mask from keypoints
[Verification Daemon] Applying constrained regeneration with 1.5x weight on identity
[Verification Daemon] Correction attempt 2/5
[Verification Daemon] Rewinding latent by 1 timestep(s)
[Verification Daemon] Generating localized inpainting mask from keypoints
[Verification Daemon] Applying constrained regeneration with 1.5x weight on identity
[Verification Daemon] Correction attempt 3/5
[Verification Daemon] Rewinding latent by 1 timestep(s)
[Verification Daemon] Generating localized inpainting mask from keypoints
[Verification Daemon] Applying constrained regeneration with 1.5x weight on identity
[Verification Daemon] Correction attempt 4/5
[Verification Daemon] Rewinding latent by 1 timestep(s)
[Verification Daemon] Generating localized inpainting mask from keypoints
[Verification Daemon] Applying constrained regeneration with 1.5x weight on identity
[Verification Daemon] Correction attempt 5/5
[Verification Daemon] Rewinding latent by 1 timestep(s)
[Verification Daemon] Generating localized inpainting mask from keypoints
[Verification Daemon] Applying constrained regeneration with 1.5x weight on identity
[Verification Daemon] Max retries (5) exceeded
  Max retries enforced: 5 <= 5
PASSED
tests/core/test_verification_daemon.py::TestCorrectionLoop::test_correction_loop_generates_all_action_types [Verification Daemon] Testing correction loop generates rewind, inpaint, and regenerate actions
[Verification Daemon] Entering correction loop for frame 0
[Verification Daemon] Correction attempt 1/5
[Verification Daemon] Rewinding latent by 1 timestep(s)
[Verification Daemon] Generating localized inpainting mask from keypoints
[Verification Daemon] Applying constrained regeneration with 1.5x weight on identity
[Verification Daemon] Correction attempt 2/5
[Verification Daemon] Rewinding latent by 1 timestep(s)
[Verification Daemon] Generating localized inpainting mask from keypoints
[Verification Daemon] Applying constrained regeneration with 1.5x weight on identity
[Verification Daemon] Correction attempt 3/5
[Verification Daemon] Rewinding latent by 1 timestep(s)
[Verification Daemon] Generating localized inpainting mask from keypoints
[Verification Daemon] Applying constrained regeneration with 1.5x weight on identity
[Verification Daemon] Correction attempt 4/5
[Verification Daemon] Rewinding latent by 1 timestep(s)
[Verification Daemon] Generating localized inpainting mask from keypoints
[Verification Daemon] Applying constrained regeneration with 1.5x weight on identity
[Verification Daemon] Correction attempt 5/5
[Verification Daemon] Rewinding latent by 1 timestep(s)
[Verification Daemon] Generating localized inpainting mask from keypoints
[Verification Daemon] Applying constrained regeneration with 1.5x weight on identity
[Verification Daemon] Max retries (5) exceeded
  Action types generated: {'inpaint', 'regenerate', 'rewind'}
  Total corrections: 15
PASSED
tests/core/test_verification_daemon.py::TestSequentialVerification::test_verify_frame_sequence_all_pass [Verification Daemon] Testing sequential verification of frame sequence (all pass)
  Verified 5 frames: all passed
PASSED
tests/core/test_verification_daemon.py::TestSequentialVerification::test_verify_frame_sequence_with_failures [Verification Daemon] Testing sequential verification with some failures
  Verified 5 frames
  Passes: 3, Failures: 2
PASSED
tests/core/test_verification_daemon.py::TestDaemonState::test_daemon_initialization_with_custom_thresholds [Verification Daemon] Testing daemon initialization with custom thresholds
  Thresholds set correctly
PASSED
tests/core/test_verification_daemon.py::TestDaemonState::test_verification_history_tracks_all_attempts [Verification Daemon] Testing verification history tracks all attempts
  History length: 3
PASSED
tests/core/test_verification_daemon.py::TestDaemonState::test_correction_history_tracks_actions [Verification Daemon] Testing correction history tracks correction actions
[Verification Daemon] Rewinding latent by 1 timestep(s)
[Verification Daemon] Rewinding latent by 1 timestep(s)
[Verification Daemon] Applying constrained regeneration with 1.5x weight on identity
  Correction history length: 3
PASSED

============================= 27 passed in 2.57s ==============================
